// Jest Snapshot v1, https://goo.gl/fbAQLP

exports[`<Header /> renders correctly 1`] = `
<header>
  <h1>
    Counters R Fun
  </h1>
</header>
`;
