// Jest Snapshot v1, https://goo.gl/fbAQLP

exports[`<Footer /> renders correctly 1`] = `
<footer>
  Â© 2018 Code Fellows
</footer>
`;
